Archive member included to satisfy reference by file (symbol)

.\CortexM3\ARM_GCC_541\Debug\Implementacion_Display_OLED.a(CyLib.o)
                              .\CortexM3\ARM_GCC_541\Debug\Cm3Start.o (CyHalt)
.\CortexM3\ARM_GCC_541\Debug\Implementacion_Display_OLED.a(cyPm.o)
                              .\CortexM3\ARM_GCC_541\Debug\Implementacion_Display_OLED.a(CyLib.o) (CyPmReadStatus)
.\CortexM3\ARM_GCC_541\Debug\Implementacion_Display_OLED.a(I2COLED.o)
                              .\CortexM3\ARM_GCC_541\Debug\main.o (I2COLED_Start)
.\CortexM3\ARM_GCC_541\Debug\Implementacion_Display_OLED.a(I2COLED_INT.o)
                              .\CortexM3\ARM_GCC_541\Debug\Implementacion_Display_OLED.a(I2COLED.o) (I2COLED_ISR)
.\CortexM3\ARM_GCC_541\Debug\Implementacion_Display_OLED.a(I2COLED_PM.o)
                              .\CortexM3\ARM_GCC_541\Debug\Implementacion_Display_OLED.a(I2COLED.o) (I2COLED_backup)
.\CortexM3\ARM_GCC_541\Debug\Implementacion_Display_OLED.a(I2COLED_MASTER.o)
                              .\CortexM3\ARM_GCC_541\Debug\Implementacion_Display_OLED.a(I2COLED.o) (I2COLED_mstrStatus)
.\CortexM3\ARM_GCC_541\Debug\Implementacion_Display_OLED.a(ADC.o)
                              .\CortexM3\ARM_GCC_541\Debug\main.o (ADC_Start)
.\CortexM3\ARM_GCC_541\Debug\Implementacion_Display_OLED.a(ADC_INT.o)
                              .\CortexM3\ARM_GCC_541\Debug\Implementacion_Display_OLED.a(ADC.o) (ADC_ISR1)
.\CortexM3\ARM_GCC_541\Debug\Implementacion_Display_OLED.a(ADC_AMux.o)
                              .\CortexM3\ARM_GCC_541\Debug\Implementacion_Display_OLED.a(ADC.o) (ADC_AMux_Select)
.\CortexM3\ARM_GCC_541\Debug\Implementacion_Display_OLED.a(ADC_Ext_CP_Clk.o)
                              .\CortexM3\ARM_GCC_541\Debug\Implementacion_Display_OLED.a(ADC.o) (ADC_Ext_CP_Clk_SetModeRegister)
.\CortexM3\ARM_GCC_541\Debug\Implementacion_Display_OLED.a(ADC_theACLK.o)
                              .\CortexM3\ARM_GCC_541\Debug\Implementacion_Display_OLED.a(ADC.o) (ADC_theACLK_SetModeRegister)
.\CortexM3\ARM_GCC_541\Debug\Implementacion_Display_OLED.a(CyBootAsmGnu.o)
                              .\CortexM3\ARM_GCC_541\Debug\cyfitter_cfg.o (CyDelayCycles)
.\CortexM3\ARM_GCC_541\Debug\Implementacion_Display_OLED.a(CyFlash.o)
                              .\CortexM3\ARM_GCC_541\Debug\Implementacion_Display_OLED.a(cyPm.o) (CyFlash_SetWaitCycles)
.\CortexM3\ARM_GCC_541\Debug\Implementacion_Display_OLED.a(CySpc.o)
                              .\CortexM3\ARM_GCC_541\Debug\Implementacion_Display_OLED.a(CyFlash.o) (CySpcStart)
c:/program files (x86)/cypress/psoc creator/4.4/psoc creator/import/gnu/arm/5.4.1/bin/../lib/gcc/arm-none-eabi/5.4.1/armv7-m\libgcc.a(_arm_addsubdf3.o)
                              .\CortexM3\ARM_GCC_541\Debug\main.o (__aeabi_f2d)
c:/program files (x86)/cypress/psoc creator/4.4/psoc creator/import/gnu/arm/5.4.1/bin/../lib/gcc/arm-none-eabi/5.4.1/armv7-m\libgcc.a(_arm_cmpdf2.o)
                              .\CortexM3\ARM_GCC_541\Debug\Implementacion_Display_OLED.a(ADC.o) (__aeabi_dcmpgt)
c:/program files (x86)/cypress/psoc creator/4.4/psoc creator/import/gnu/arm/5.4.1/bin/../lib/gcc/arm-none-eabi/5.4.1/armv7-m\libgcc.a(_arm_addsubsf3.o)
                              .\CortexM3\ARM_GCC_541\Debug\Implementacion_Display_OLED.a(ADC.o) (__aeabi_ui2f)
c:/program files (x86)/cypress/psoc creator/4.4/psoc creator/import/gnu/arm/5.4.1/bin/../lib/gcc/arm-none-eabi/5.4.1/armv7-m\libgcc.a(_arm_muldivsf3.o)
                              .\CortexM3\ARM_GCC_541\Debug\Implementacion_Display_OLED.a(ADC.o) (__aeabi_fmul)
c:/program files (x86)/cypress/psoc creator/4.4/psoc creator/import/gnu/arm/5.4.1/bin/../lib/gcc/arm-none-eabi/5.4.1/armv7-m\libgcc.a(_arm_fixunssfsi.o)
                              .\CortexM3\ARM_GCC_541\Debug\Implementacion_Display_OLED.a(ADC.o) (__aeabi_f2uiz)
c:/program files (x86)/cypress/psoc creator/4.4/psoc creator/import/gnu/arm/5.4.1/bin/../lib/gcc/arm-none-eabi/5.4.1/../../../../arm-none-eabi/lib/armv7-m\libg_nano.a(lib_a-errno.o)
                              .\CortexM3\ARM_GCC_541\Debug\Cm3Start.o (__errno)
c:/program files (x86)/cypress/psoc creator/4.4/psoc creator/import/gnu/arm/5.4.1/bin/../lib/gcc/arm-none-eabi/5.4.1/../../../../arm-none-eabi/lib/armv7-m\libg_nano.a(lib_a-exit.o)
                              c:/program files (x86)/cypress/psoc creator/4.4/psoc creator/import/gnu/arm/5.4.1/bin/../lib/gcc/arm-none-eabi/5.4.1/../../../../arm-none-eabi/lib/armv7-m/crt0.o (exit)
c:/program files (x86)/cypress/psoc creator/4.4/psoc creator/import/gnu/arm/5.4.1/bin/../lib/gcc/arm-none-eabi/5.4.1/../../../../arm-none-eabi/lib/armv7-m\libg_nano.a(lib_a-impure.o)
                              c:/program files (x86)/cypress/psoc creator/4.4/psoc creator/import/gnu/arm/5.4.1/bin/../lib/gcc/arm-none-eabi/5.4.1/../../../../arm-none-eabi/lib/armv7-m\libg_nano.a(lib_a-exit.o) (_global_impure_ptr)
[...]
Memory Configuration

Name             Origin             Length             Attributes
rom              0x00000000         0x00040000         xr
ram              0x1fff8000         0x00010000         xrw
*default*        0x00000000         0xffffffff

Linker script and memory map

LOAD c:/program files (x86)/cypress/psoc creator/4.4/psoc creator/import/gnu/arm/5.4.1/bin/../lib/gcc/arm-none-eabi/5.4.1/armv7-m/crti.o
LOAD c:/program files (x86)/cypress/psoc creator/4.4/psoc creator/import/gnu/arm/5.4.1/bin/../lib/gcc/arm-none-eabi/5.4.1/armv7-m/crtbegin.o
LOAD c:/program files (x86)/cypress/psoc creator/4.4/psoc creator/import/gnu/arm/5.4.1/bin/../lib/gcc/arm-none-eabi/5.4.1/../../../../arm-none-eabi/lib/armv7-m/crt0.o
START GROUP
LOAD .\CortexM3\ARM_GCC_541\Debug\main.o
LOAD .\CortexM3\ARM_GCC_541\Debug\ssd1306.o
LOAD .\CortexM3\ARM_GCC_541\Debug\cyfitter_cfg.o
LOAD .\CortexM3\ARM_GCC_541\Debug\cymetadata.o
LOAD .\CortexM3\ARM_GCC_541\Debug\Cm3Start.o
LOAD .\CortexM3\ARM_GCC_541\Debug\Implementacion_Display_OLED.a
LOAD C:\Program Files (x86)\Cypress\PSoC Creator\4.4\PSoC Creator\psoc\content\cycomponentlibrary\CyComponentLibrary.cylib\CortexM3\ARM_GCC_541\Debug\CyComponentLibrary.a
END GROUP
START GROUP
LOAD c:/program files (x86)/cypress/psoc creator/4.4/psoc creator/import/gnu/arm/5.4.1/bin/../lib/gcc/arm-none-eabi/5.4.1/armv7-m\libgcc.a
LOAD c:/program files (x86)/cypress/psoc creator/4.4/psoc creator/import/gnu/arm/5.4.1/bin/../lib/gcc/arm-none-eabi/5.4.1/../../../../arm-none-eabi/lib/armv7-m\libg_nano.a
LOAD c:/program files (x86)/cypress/psoc creator/4.4/psoc creator/import/gnu/arm/5.4.1/bin/../lib/gcc/arm-none-eabi/5.4.1/../../../../arm-none-eabi/lib/armv7-m\libc_nano.a
END GROUP
START GROUP
LOAD c:/program files (x86)/cypress/psoc creator/4.4/psoc creator/import/gnu/arm/5.4.1/bin/../lib/gcc/arm-none-eabi/5.4.1/armv7-m\libgcc.a
LOAD c:/program files (x86)/cypress/psoc creator/4.4/psoc creator/import/gnu/arm/5.4.1/bin/../lib/gcc/arm-none-eabi/5.4.1/../../../../arm-none-eabi/lib/armv7-m\libc_nano.a
END GROUP
LOAD c:/program files (x86)/cypress/psoc creator/4.4/psoc creator/import/gnu/arm/5.4.1/bin/../lib/gcc/arm-none-eabi/5.4.1/armv7-m/crtend.o
LOAD c:/program files (x86)/cypress/psoc creator/4.4/psoc creator/import/gnu/arm/5.4.1/bin/../lib/gcc/arm-none-eabi/5.4.1/armv7-m/crtn.o
START GROUP
LOAD c:/program files (x86)/cypress/psoc creator/4.4/psoc creator/import/gnu/arm/5.4.1/bin/../lib/gcc/arm-none-eabi/5.4.1/armv7-m\libgcc.a
LOAD c:/program files (x86)/cypress/psoc creator/4.4/psoc creator/import/gnu/arm/5.4.1/bin/../lib/gcc/arm-none-eabi/5.4.1/../../../../arm-none-eabi/lib/armv7-m\libc.a
LOAD c:/program files (x86)/cypress/psoc creator/4.4/psoc creator/import/gnu/arm/5.4.1/bin/../lib/gcc/arm-none-eabi/5.4.1/../../../../arm-none-eabi/lib/armv7-m\libnosys.a
END GROUP
                0x00000000                CY_APPL_ORIGIN = 0x0
                0x00000100                CY_FLASH_ROW_SIZE = 0x100
                0x00000020                CY_ECC_ROW_SIZE = 0x20
                0x00000000                CY_EE_IN_BTLDR = 0x0
                0x00000000                CY_APPL_LOADABLE = 0x0
                0x00000800                CY_EE_SIZE = 0x800
                0x00000001                CY_APPL_NUM = 0x1
                0x00000001                CY_APPL_MAX = 0x1
                0x00000040                CY_METADATA_SIZE = 0x40
                0x00000000                CY_APPL_LOADABLE = 0x0
                0x00000000                CY_CHECKSUM_EXCLUDE_SIZE = ALIGN (0x0, CY_FLASH_ROW_SIZE)
                [!provide]                PROVIDE (__cy_heap_start, _end)
                0x00000001                PROVIDE (__cy_region_num, ((__cy_regions_end - __cy_regions) / 0x10))
                0x20008000                PROVIDE (__cy_stack, (ORIGIN (ram) + LENGTH (ram)))
                [!provide]                PROVIDE (__cy_heap_end, (__cy_stack - 0x800))

.cybootloader   0x00000000        0x0
 *(.cybootloader)
                0x00000000                appl1_start = CY_APPL_ORIGIN?CY_APPL_ORIGIN:ALIGN (CY_FLASH_ROW_SIZE)
                0x0001ff00                appl2_start = (appl1_start + ALIGN ((((LENGTH (rom) - appl1_start) - (0x2 * CY_FLASH_ROW_SIZE)) / 0x2), CY_FLASH_ROW_SIZE))
                0x00000000                appl_start = (CY_APPL_NUM == 0x1)?appl1_start:appl2_start
                0x00000000                ecc_offset = ((appl_start / CY_FLASH_ROW_SIZE) * CY_ECC_ROW_SIZE)
                0x00000000                ee_offset = (CY_APPL_LOADABLE && ! (CY_EE_IN_BTLDR))?((CY_EE_SIZE / CY_APPL_MAX) * (CY_APPL_NUM - 0x1)):0x0
                0x00000800                ee_size = (CY_APPL_LOADABLE && ! (CY_EE_IN_BTLDR))?(CY_EE_SIZE / CY_APPL_MAX):CY_EE_SIZE
                [!provide]                PROVIDE (CY_ECC_OFFSET, ecc_offset)

.text           0x00000000     0x270c
 CREATE_OBJECT_SYMBOLS
                0x00000000                PROVIDE (__cy_interrupt_vector, RomVectors)
 *(.romvectors)
 .romvectors    0x00000000       0x10 .\CortexM3\ARM_GCC_541\Debug\Cm3Start.o
                0x00000000                RomVectors
                0x00000001                ASSERT ((. != __cy_interrupt_vector), No interrupt vector)
                0x00000001                ASSERT (CY_APPL_ORIGIN?(SIZEOF (.cybootloader) <= CY_APPL_ORIGIN):0x1, Wrong image location)
                0x00000010                PROVIDE (__cy_reset, Reset)
 *(.text.Reset)
 .text.Reset    0x00000010       0x18 .\CortexM3\ARM_GCC_541\Debug\Cm3Start.o
                0x00000010                Reset
                0x00000001                ASSERT ((. != __cy_reset), No reset code)
 *(.dma_init)
                0x00000001                ASSERT ((((appl_start + .) <= 0x10000) || 0x1), DMA Init must be within the first 64k of flash)
 *(.text .text.* .gnu.linkonce.t.*)
 .text          0x00000028       0x5c c:/program files (x86)/cypress/psoc creator/4.4/psoc creator/import/gnu/arm/5.4.1/bin/../lib/gcc/arm-none-eabi/5.4.1/armv7-m/crtbegin.o
 .text.main     0x00000084       0xd0 .\CortexM3\ARM_GCC_541\Debug\main.o
                0x00000084                main
 .text.display_setPixel
                0x00000154       0x88 .\CortexM3\ARM_GCC_541\Debug\ssd1306.o
 .text.display_line
                0x000001dc      0x134 .\CortexM3\ARM_GCC_541\Debug\ssd1306.o
 .text.gfx_rotation_adjust
                0x00000310       0x68 .\CortexM3\ARM_GCC_541\Debug\ssd1306.o
 .text.gfx_hvLine
                0x00000378      0x114 .\CortexM3\ARM_GCC_541\Debug\ssd1306.o
 .text.display_write_buf
                0x0000048c       0x30 .\CortexM3\ARM_GCC_541\Debug\ssd1306.o
 .text.display_clear
                0x000004bc       0x1c .\CortexM3\ARM_GCC_541\Debug\ssd1306.o
                0x000004bc                display_clear
 .text.display_update
                0x000004d8       0x38 .\CortexM3\ARM_GCC_541\Debug\ssd1306.o
                0x000004d8                display_update
 .text.gfx_init
                0x00000510       0x40 .\CortexM3\ARM_GCC_541\Debug\ssd1306.o
                0x00000510                gfx_init
 .text.display_init
                0x00000550       0x40 .\CortexM3\ARM_GCC_541\Debug\ssd1306.o
                0x00000550                display_init
 .text.gfx_setCursor
                0x00000590        0xc .\CortexM3\ARM_GCC_541\Debug\ssd1306.o
                0x00000590                gfx_setCursor
 .text.gfx_setTextSize
                0x0000059c       0x10 .\CortexM3\ARM_GCC_541\Debug\ssd1306.o
                0x0000059c                gfx_setTextSize
 .text.gfx_setTextColor
                0x000005ac        0xc .\CortexM3\ARM_GCC_541\Debug\ssd1306.o
                0x000005ac                gfx_setTextColor
 .text.gfx_drawPixel
                0x000005b8       0x4c .\CortexM3\ARM_GCC_541\Debug\ssd1306.o
                0x000005b8                gfx_drawPixel
 .text.gfx_drawLine
                0x00000604       0xd8 .\CortexM3\ARM_GCC_541\Debug\ssd1306.o
                0x00000604                gfx_drawLine
 .text.gfx_fillRect
                0x000006dc       0x68 .\CortexM3\ARM_GCC_541\Debug\ssd1306.o
                0x000006dc                gfx_fillRect
 .text.gfx_drawChar
                0x00000744       0xf0 .\CortexM3\ARM_GCC_541\Debug\ssd1306.o
                0x00000744                gfx_drawChar
 .text.gfx_write
                0x00000834       0x78 .\CortexM3\ARM_GCC_541\Debug\ssd1306.o
                0x00000834                gfx_write
 .text.gfx_print
                0x000008ac       0x1c .\CortexM3\ARM_GCC_541\Debug\ssd1306.o
                0x000008ac                gfx_print
 .text.gfx_println
                0x000008c8       0x10 .\CortexM3\ARM_GCC_541\Debug\ssd1306.o
                0x000008c8                gfx_println
 .text.CyClockStartupError
                0x000008d8        0x4 .\CortexM3\ARM_GCC_541\Debug\cyfitter_cfg.o
 .text.cfg_write_bytes32
                0x000008dc       0x34 .\CortexM3\ARM_GCC_541\Debug\cyfitter_cfg.o
 .text.AnalogSetDefault
                0x00000910       0x38 .\CortexM3\ARM_GCC_541\Debug\cyfitter_cfg.o
 .text.CYMEMZERO
                0x00000948        0xc .\CortexM3\ARM_GCC_541\Debug\cyfitter_cfg.o
 .text.CYCONFIGCPY
                0x00000954        0x8 .\CortexM3\ARM_GCC_541\Debug\cyfitter_cfg.o
 .text.ClockSetup
                0x0000095c       0xe4 .\CortexM3\ARM_GCC_541\Debug\cyfitter_cfg.o
 .text.ADC_AMux_Set
                0x00000a40       0x1c .\CortexM3\ARM_GCC_541\Debug\cyfitter_cfg.o
                0x00000a40                ADC_AMux_Set
 .text.ADC_AMux_Unset
                0x00000a5c       0x1c .\CortexM3\ARM_GCC_541\Debug\cyfitter_cfg.o
                0x00000a5c                ADC_AMux_Unset
 .text.cyfitter_cfg
                0x00000a78       0xf8 .\CortexM3\ARM_GCC_541\Debug\cyfitter_cfg.o
                0x00000a78                cyfitter_cfg
 .text.IntDefaultHandler
                0x00000b70       0x10 .\CortexM3\ARM_GCC_541\Debug\Cm3Start.o
                0x00000b70                IntDefaultHandler
 .text._sbrk    0x00000b80       0x30 .\CortexM3\ARM_GCC_541\Debug\Cm3Start.o
                0x00000b80                _sbrk
 .text.Start_c  0x00000bb0       0x4c .\CortexM3\ARM_GCC_541\Debug\Cm3Start.o
                0x00000bb0                Start_c
 .text.initialize_psoc
                0x00000bfc       0x68 .\CortexM3\ARM_GCC_541\Debug\Cm3Start.o
                0x00000bfc                initialize_psoc
 .text.CyHalt   0x00000c64        0x4 .\CortexM3\ARM_GCC_541\Debug\Implementacion_Display_OLED.a(CyLib.o)
                0x00000c64                CyHalt
 .text.CyDelay  0x00000c68       0x2c .\CortexM3\ARM_GCC_541\Debug\Implementacion_Display_OLED.a(CyLib.o)
                0x00000c68                CyDelay
 .text.CyDelayUs
                0x00000c94       0x14 .\CortexM3\ARM_GCC_541\Debug\Implementacion_Display_OLED.a(CyLib.o)
                0x00000c94                CyDelayUs
 .text.CyIntSetVector
                0x00000ca8       0x28 .\CortexM3\ARM_GCC_541\Debug\Implementacion_Display_OLED.a(CyLib.o)
                0x00000ca8                CyIntSetVector
 .text.CyIntSetPriority
                0x00000cd0       0x30 .\CortexM3\ARM_GCC_541\Debug\Implementacion_Display_OLED.a(CyLib.o)
                0x00000cd0                CyIntSetPriority
 .text.I2COLED_Init
                0x00000d00       0x68 .\CortexM3\ARM_GCC_541\Debug\Implementacion_Display_OLED.a(I2COLED.o)
                0x00000d00                I2COLED_Init
 .text.I2COLED_Enable
                0x00000d68       0x24 .\CortexM3\ARM_GCC_541\Debug\Implementacion_Display_OLED.a(I2COLED.o)
                0x00000d68                I2COLED_Enable
 .text.I2COLED_Start
                0x00000d8c       0x28 .\CortexM3\ARM_GCC_541\Debug\Implementacion_Display_OLED.a(I2COLED.o)
                0x00000d8c                I2COLED_Start
 .text.I2COLED_ISR
                0x00000db4      0x2d0 .\CortexM3\ARM_GCC_541\Debug\Implementacion_Display_OLED.a(I2COLED_INT.o)
                0x00000db4                I2COLED_ISR
 .text.I2COLED_MasterSendStart
                0x00001084       0x80 .\CortexM3\ARM_GCC_541\Debug\Implementacion_Display_OLED.a(I2COLED_MASTER.o)
                0x00001084                I2COLED_MasterSendStart
 .text.I2COLED_MasterSendStop
                0x00001104       0x38 .\CortexM3\ARM_GCC_541\Debug\Implementacion_Display_OLED.a(I2COLED_MASTER.o)
                0x00001104                I2COLED_MasterSendStop
 .text.I2COLED_MasterWriteByte
                0x0000113c       0x58 .\CortexM3\ARM_GCC_541\Debug\Implementacion_Display_OLED.a(I2COLED_MASTER.o)
                0x0000113c                I2COLED_MasterWriteByte
 .text.ADC_GainCompensation
                0x00001194       0xdc .\CortexM3\ARM_GCC_541\Debug\Implementacion_Display_OLED.a(ADC.o)
 .text.ADC_SetDSMRef0Reg
                0x00001270       0x4c .\CortexM3\ARM_GCC_541\Debug\Implementacion_Display_OLED.a(ADC.o)
 .text.ADC_InitConfig
                0x000012bc       0xe8 .\CortexM3\ARM_GCC_541\Debug\Implementacion_Display_OLED.a(ADC.o)
 .text.ADC_Init
                0x000013a4       0xc4 .\CortexM3\ARM_GCC_541\Debug\Implementacion_Display_OLED.a(ADC.o)
                0x000013a4                ADC_Init
 .text.ADC_Enable
                0x00001468       0xd8 .\CortexM3\ARM_GCC_541\Debug\Implementacion_Display_OLED.a(ADC.o)
                0x00001468                ADC_Enable
 .text.ADC_Start
                0x00001540       0x28 .\CortexM3\ARM_GCC_541\Debug\Implementacion_Display_OLED.a(ADC.o)
                0x00001540                ADC_Start
 .text.ADC_StartConvert
                0x00001568       0x10 .\CortexM3\ARM_GCC_541\Debug\Implementacion_Display_OLED.a(ADC.o)
                0x00001568                ADC_StartConvert
 .text.ADC_IsEndConversion
                0x00001578       0x30 .\CortexM3\ARM_GCC_541\Debug\Implementacion_Display_OLED.a(ADC.o)
                0x00001578                ADC_IsEndConversion
 .text.ADC_GetResult32
                0x000015a8       0x6c .\CortexM3\ARM_GCC_541\Debug\Implementacion_Display_OLED.a(ADC.o)
                0x000015a8                ADC_GetResult32
 .text.ADC_CountsTo_mVolts
                0x00001614       0x24 .\CortexM3\ARM_GCC_541\Debug\Implementacion_Display_OLED.a(ADC.o)
                0x00001614                ADC_CountsTo_mVolts
 .text.ADC_ISR1
                0x00001638        0x4 .\CortexM3\ARM_GCC_541\Debug\Implementacion_Display_OLED.a(ADC_INT.o)
                0x00001638                ADC_ISR1
 .text.ADC_AMux_Start
                0x0000163c       0x20 .\CortexM3\ARM_GCC_541\Debug\Implementacion_Display_OLED.a(ADC_AMux.o)
                0x0000163c                ADC_AMux_Start
 .text.ADC_AMux_Select
                0x0000165c       0x18 .\CortexM3\ARM_GCC_541\Debug\Implementacion_Display_OLED.a(ADC_AMux.o)
                0x0000165c                ADC_AMux_Select
 .text.ADC_Ext_CP_Clk_GetDividerRegister
                0x00001674        0xc .\CortexM3\ARM_GCC_541\Debug\Implementacion_Display_OLED.a(ADC_Ext_CP_Clk.o)
                0x00001674                ADC_Ext_CP_Clk_GetDividerRegister
 .text.ADC_Ext_CP_Clk_SetModeRegister
                0x00001680       0x14 .\CortexM3\ARM_GCC_541\Debug\Implementacion_Display_OLED.a(ADC_Ext_CP_Clk.o)
                0x00001680                ADC_Ext_CP_Clk_SetModeRegister
 .text.ADC_Ext_CP_Clk_GetSourceRegister
                0x00001694       0x10 .\CortexM3\ARM_GCC_541\Debug\Implementacion_Display_OLED.a(ADC_Ext_CP_Clk.o)
                0x00001694                ADC_Ext_CP_Clk_GetSourceRegister
 .text.ADC_Ext_CP_Clk_SetDividerRegister
                0x000016a4       0xd8 .\CortexM3\ARM_GCC_541\Debug\Implementacion_Display_OLED.a(ADC_Ext_CP_Clk.o)
                0x000016a4                ADC_Ext_CP_Clk_SetDividerRegister
 .text.ADC_theACLK_GetDividerRegister
                0x0000177c        0xc .\CortexM3\ARM_GCC_541\Debug\Implementacion_Display_OLED.a(ADC_theACLK.o)
                0x0000177c                ADC_theACLK_GetDividerRegister
 .text.ADC_theACLK_SetModeRegister
                0x00001788       0x14 .\CortexM3\ARM_GCC_541\Debug\Implementacion_Display_OLED.a(ADC_theACLK.o)
                0x00001788                ADC_theACLK_SetModeRegister
 .text.ADC_theACLK_GetSourceRegister
                0x0000179c       0x10 .\CortexM3\ARM_GCC_541\Debug\Implementacion_Display_OLED.a(ADC_theACLK.o)
                0x0000179c                ADC_theACLK_GetSourceRegister
 .text.ADC_theACLK_SetDividerRegister
                0x000017ac       0xd8 .\CortexM3\ARM_GCC_541\Debug\Implementacion_Display_OLED.a(ADC_theACLK.o)
                0x000017ac                ADC_theACLK_SetDividerRegister
 *fill*         0x00001884        0x4 
 .text          0x00001888       0x20 .\CortexM3\ARM_GCC_541\Debug\Implementacion_Display_OLED.a(CyBootAsmGnu.o)
                0x00001888                CyDelayCycles
                0x00001898                CyEnterCriticalSection
                0x000018a0                CyExitCriticalSection
 .text          0x000018a8      0x370 c:/program files (x86)/cypress/psoc creator/4.4/psoc creator/import/gnu/arm/5.4.1/bin/../lib/gcc/arm-none-eabi/5.4.1/armv7-m\libgcc.a(_arm_addsubdf3.o)
                0x000018a8                __aeabi_drsub
                0x000018b0                __aeabi_dsub
                0x000018b0                __subdf3
                0x000018b4                __aeabi_dadd
                0x000018b4                __adddf3
                0x00001b2c                __floatunsidf
                0x00001b2c                __aeabi_ui2d
                0x00001b4c                __floatsidf
                0x00001b4c                __aeabi_i2d
                0x00001b70                __aeabi_f2d
                0x00001b70                __extendsfdf2
                0x00001bac                __floatundidf
                0x00001bac                __aeabi_ul2d
                0x00001bbc                __floatdidf
                0x00001bbc                __aeabi_l2d
 .text          0x00001c18      0x21c c:/program files (x86)/cypress/psoc creator/4.4/psoc creator/import/gnu/arm/5.4.1/bin/../lib/gcc/arm-none-eabi/5.4.1/armv7-m\libgcc.a(_arm_addsubsf3.o)
                0x00001c18                __aeabi_frsub
                0x00001c20                __subsf3
                0x00001c20                __aeabi_fsub
                0x00001c24                __aeabi_fadd
                0x00001c24                __addsf3
                0x00001d84                __aeabi_ui2f
                0x00001d84                __floatunsisf
                0x00001d8c                __aeabi_i2f
                0x00001d8c                __floatsisf
                0x00001da8                __aeabi_ul2f
                0x00001da8                __floatundisf
                0x00001db8                __aeabi_l2f
                0x00001db8                __floatdisf
 .text.__errno  0x00001e34        0xc c:/program files (x86)/cypress/psoc creator/4.4/psoc creator/import/gnu/arm/5.4.1/bin/../lib/gcc/arm-none-eabi/5.4.1/../../../../arm-none-eabi/lib/armv7-m\libg_nano.a(lib_a-errno.o)
                0x00001e34                __errno
 .text.__libc_init_array
                0x00001e40       0x4c c:/program files (x86)/cypress/psoc creator/4.4/psoc creator/import/gnu/arm/5.4.1/bin/../lib/gcc/arm-none-eabi/5.4.1/../../../../arm-none-eabi/lib/armv7-m\libg_nano.a(lib_a-init.o)
                0x00001e40                __libc_init_array
 .text.memcpy   0x00001e8c       0x16 c:/program files (x86)/cypress/psoc creator/4.4/psoc creator/import/gnu/arm/5.4.1/bin/../lib/gcc/arm-none-eabi/5.4.1/../../../../arm-none-eabi/lib/armv7-m\libg_nano.a(lib_a-memcpy-stub.o)
                0x00001e8c                memcpy
 .text.memset   0x00001ea2       0x10 c:/program files (x86)/cypress/psoc creator/4.4/psoc creator/import/gnu/arm/5.4.1/bin/../lib/gcc/arm-none-eabi/5.4.1/../../../../arm-none-eabi/lib/armv7-m\libg_nano.a(lib_a-memset.o)
                0x00001ea2                memset
 *fill*         0x00001eb2        0x2 
 .text.sprintf  0x00001eb4       0x48 c:/program files (x86)/cypress/psoc creator/4.4/psoc creator/import/gnu/arm/5.4.1/bin/../lib/gcc/arm-none-eabi/5.4.1/../../../../arm-none-eabi/lib/armv7-m\libg_nano.a(lib_a-sprintf.o)
                0x00001eb4                siprintf
                0x00001eb4                sprintf
 .text          0x00001efc       0x10 c:/program files (x86)/cypress/psoc creator/4.4/psoc creator/import/gnu/arm/5.4.1/bin/../lib/gcc/arm-none-eabi/5.4.1/../../../../arm-none-eabi/lib/armv7-m\libg_nano.a(lib_a-strlen.o)
                0x00001efc                strlen
 .text.__ssputs_r
                0x00001f0c       0xb2 c:/program files (x86)/cypress/psoc creator/4.4/psoc creator/import/gnu/arm/5.4.1/bin/../lib/gcc/arm-none-eabi/5.4.1/../../../../arm-none-eabi/lib/armv7-m\libg_nano.a(lib_a-nano-svfprintf.o)
                0x00001f0c                __ssputs_r
 *fill*         0x00001fbe        0x2 
 .text._svfprintf_r
                0x00001fc0      0x1e8 c:/program files (x86)/cypress/psoc creator/4.4/psoc creator/import/gnu/arm/5.4.1/bin/../lib/gcc/arm-none-eabi/5.4.1/../../../../arm-none-eabi/lib/armv7-m\libg_nano.a(lib_a-nano-svfprintf.o)
                0x00001fc0                _svfiprintf_r
                0x00001fc0                _svfprintf_r
 .text._printf_common
                0x000021a8       0xec c:/program files (x86)/cypress/psoc creator/4.4/psoc creator/import/gnu/arm/5.4.1/bin/../lib/gcc/arm-none-eabi/5.4.1/../../../../arm-none-eabi/lib/armv7-m\libg_nano.a(lib_a-nano-vfprintf_i.o)
                0x000021a8                _printf_common
 .text._printf_i
                0x00002294      0x24c c:/program files (x86)/cypress/psoc creator/4.4/psoc creator/import/gnu/arm/5.4.1/bin/../lib/gcc/arm-none-eabi/5.4.1/../../../../arm-none-eabi/lib/armv7-m\libg_nano.a(lib_a-nano-vfprintf_i.o)
                0x00002294                _printf_i
 .text.memchr   0x000024e0       0x1c c:/program files (x86)/cypress/psoc creator/4.4/psoc creator/import/gnu/arm/5.4.1/bin/../lib/gcc/arm-none-eabi/5.4.1/../../../../arm-none-eabi/lib/armv7-m\libg_nano.a(lib_a-memchr-stub.o)
                0x000024e0                memchr
 .text.memmove  0x000024fc       0x36 c:/program files (x86)/cypress/psoc creator/4.4/psoc creator/import/gnu/arm/5.4.1/bin/../lib/gcc/arm-none-eabi/5.4.1/../../../../arm-none-eabi/lib/armv7-m\libg_nano.a(lib_a-memmove.o)
                0x000024fc                memmove
 *fill*         0x00002532        0x2 
 .text._free_r  0x00002534       0x98 c:/program files (x86)/cypress/psoc creator/4.4/psoc creator/import/gnu/arm/5.4.1/bin/../lib/gcc/arm-none-eabi/5.4.1/../../../../arm-none-eabi/lib/armv7-m\libg_nano.a(lib_a-nano-freer.o)
                0x00002534                _free_r
 .text._malloc_r
                0x000025cc       0xbc c:/program files (x86)/cypress/psoc creator/4.4/psoc creator/import/gnu/arm/5.4.1/bin/../lib/gcc/arm-none-eabi/5.4.1/../../../../arm-none-eabi/lib/armv7-m\libg_nano.a(lib_a-nano-mallocr.o)
                0x000025cc                _malloc_r
 .text._realloc_r
                0x00002688       0x4c c:/program files (x86)/cypress/psoc creator/4.4/psoc creator/import/gnu/arm/5.4.1/bin/../lib/gcc/arm-none-eabi/5.4.1/../../../../arm-none-eabi/lib/armv7-m\libg_nano.a(lib_a-nano-reallocr.o)
                0x00002688                _realloc_r
 .text._sbrk_r  0x000026d4       0x20 c:/program files (x86)/cypress/psoc creator/4.4/psoc creator/import/gnu/arm/5.4.1/bin/../lib/gcc/arm-none-eabi/5.4.1/../../../../arm-none-eabi/lib/armv7-m\libg_nano.a(lib_a-sbrkr.o)
                0x000026d4                _sbrk_r
 .text.__malloc_lock
                0x000026f4        0x2 c:/program files (x86)/cypress/psoc creator/4.4/psoc creator/import/gnu/arm/5.4.1/bin/../lib/gcc/arm-none-eabi/5.4.1/../../../../arm-none-eabi/lib/armv7-m\libg_nano.a(lib_a-mlock.o)
                0x000026f4                __malloc_lock
 .text.__malloc_unlock
                0x000026f6        0x2 c:/program files (x86)/cypress/psoc creator/4.4/psoc creator/import/gnu/arm/5.4.1/bin/../lib/gcc/arm-none-eabi/5.4.1/../../../../arm-none-eabi/lib/armv7-m\libg_nano.a(lib_a-mlock.o)
                0x000026f6                __malloc_unlock
 .text._malloc_usable_size_r
                0x000026f8       0x14 c:/program files (x86)/cypress/psoc creator/4.4/psoc creator/import/gnu/arm/5.4.1/bin/../lib/gcc/arm-none-eabi/5.4.1/../../../../arm-none-eabi/lib/armv7-m\libg_nano.a(lib_a-nano-msizer.o)
                0x000026f8                _malloc_usable_size_r
 *(.plt)
 *(.gnu.warning)
 *(.glue_7t)
 .glue_7t       0x0000270c        0x0 linker stubs
 *(.glue_7)
 .glue_7        0x0000270c        0x0 linker stubs
 *(.vfp11_veneer)
 .vfp11_veneer  0x0000270c        0x0 linker stubs
 *(.bootloader)
 *(.ARM.extab* .gnu.linkonce.armextab.*)
 *(.gcc_except_table)

.v4_bx          0x0000270c        0x0
 .v4_bx         0x0000270c        0x0 linker stubs

.iplt           0x0000270c        0x0
 .iplt          0x0000270c        0x0 c:/program files (x86)/cypress/psoc creator/4.4/psoc creator/import/gnu/arm/5.4.1/bin/../lib/gcc/arm-none-eabi/5.4.1/armv7-m/crtbegin.o

.eh_frame_hdr
 *(.eh_frame_hdr)

.eh_frame       0x0000270c        0x4
 *(.eh_frame)
 .eh_frame      0x0000270c        0x0 c:/program files (x86)/cypress/psoc creator/4.4/psoc creator/import/gnu/arm/5.4.1/bin/../lib/gcc/arm-none-eabi/5.4.1/armv7-m/crtbegin.o
 .eh_frame      0x0000270c        0x4 c:/program files (x86)/cypress/psoc creator/4.4/psoc creator/import/gnu/arm/5.4.1/bin/../lib/gcc/arm-none-eabi/5.4.1/armv7-m/crtend.o
                [!provide]                PROVIDE (__exidx_start, .)

.ARM.exidx
 *(.ARM.exidx* .gnu.linkonce.armexidx.*)
                0x00002710                __exidx_end = .

.rodata         0x00002710      0x5f8
 *(.rodata .rodata.* .gnu.linkonce.r.*)
 .rodata.str1.4
                0x00002710       0x2c .\CortexM3\ARM_GCC_541\Debug\main.o
                                 0x2b (size before relaxing)
 .rodata        0x0000273c      0x51f .\CortexM3\ARM_GCC_541\Debug\ssd1306.o
 *fill*         0x00002c5b        0x1 
 .rodata        0x00002c5c       0x42 .\CortexM3\ARM_GCC_541\Debug\cyfitter_cfg.o
                0x00002c5c                ADC_AMux__addrTable
                0x00002c64                ADC_AMux__maskTable
 .rodata.str1.1
                0x00002c9e        0x2 c:/program files (x86)/cypress/psoc creator/4.4/psoc creator/import/gnu/arm/5.4.1/bin/../lib/gcc/arm-none-eabi/5.4.1/../../../../arm-none-eabi/lib/armv7-m\libg_nano.a(lib_a-impure.o)
 .rodata.str1.1
                0x00002ca0       0x11 c:/program files (x86)/cypress/psoc creator/4.4/psoc creator/import/gnu/arm/5.4.1/bin/../lib/gcc/arm-none-eabi/5.4.1/../../../../arm-none-eabi/lib/armv7-m\libg_nano.a(lib_a-nano-svfprintf.o)
 .rodata.str1.1
                0x00002cb1       0x22 c:/program files (x86)/cypress/psoc creator/4.4/psoc creator/import/gnu/arm/5.4.1/bin/../lib/gcc/arm-none-eabi/5.4.1/../../../../arm-none-eabi/lib/armv7-m\libg_nano.a(lib_a-nano-vfprintf_i.o)
                0x00002cd4                . = ALIGN (0x4)
 *fill*         0x00002cd3        0x1 
 *(.init)
 .init          0x00002cd4        0x4 c:/program files (x86)/cypress/psoc creator/4.4/psoc creator/import/gnu/arm/5.4.1/bin/../lib/gcc/arm-none-eabi/5.4.1/armv7-m/crti.o
                0x00002cd4                _init
 .init          0x00002cd8        0x8 c:/program files (x86)/cypress/psoc creator/4.4/psoc creator/import/gnu/arm/5.4.1/bin/../lib/gcc/arm-none-eabi/5.4.1/armv7-m/crtn.o
                0x00002ce0                . = ALIGN (0x4)
                0x00002ce0                __preinit_array_start = .
 *(.preinit_array)
                0x00002ce0                __preinit_array_end = .
                0x00002ce0                . = ALIGN (0x4)
                0x00002ce0                __init_array_start = .
 *(SORT(.init_array.*))
 *(.init_array)
 .init_array    0x00002ce0        0x4 c:/program files (x86)/cypress/psoc creator/4.4/psoc creator/import/gnu/arm/5.4.1/bin/../lib/gcc/arm-none-eabi/5.4.1/armv7-m/crtbegin.o
 .init_array    0x00002ce4        0x4 .\CortexM3\ARM_GCC_541\Debug\Cm3Start.o
                0x00002ce8                __init_array_end = .
                0x00002ce8                . = ALIGN (0x4)
 *(.fini)
 .fini          0x00002ce8        0x4 c:/program files (x86)/cypress/psoc creator/4.4/psoc creator/import/gnu/arm/5.4.1/bin/../lib/gcc/arm-none-eabi/5.4.1/armv7-m/crti.o
                0x00002ce8                _fini
 .fini          0x00002cec        0x8 c:/program files (x86)/cypress/psoc creator/4.4/psoc creator/import/gnu/arm/5.4.1/bin/../lib/gcc/arm-none-eabi/5.4.1/armv7-m/crtn.o
                0x00002cf4                . = ALIGN (0x4)
                0x00002cf4                __fini_array_start = .
 *(.fini_array)
 .fini_array    0x00002cf4        0x4 c:/program files (x86)/cypress/psoc creator/4.4/psoc creator/import/gnu/arm/5.4.1/bin/../lib/gcc/arm-none-eabi/5.4.1/armv7-m/crtbegin.o
 *(SORT(.fini_array.*))
                0x00002cf8                __fini_array_end = .
                0x00002cf8                . = ALIGN (0x4)
 *crtbegin.o(.ctors)
 *(EXCLUDE_FILE(*crtend.o) .ctors)
 *(SORT(.ctors.*))
 *crtend.o(.ctors)
                0x00002cf8                . = ALIGN (0x4)
 *crtbegin.o(.dtors)
 *(EXCLUDE_FILE(*crtend.o) .dtors)
 *(SORT(.dtors.*))
 *crtend.o(.dtors)
                0x00002cf8                . = ALIGN (0x4)
                0x00002cf8                __cy_regions = .
                0x00002cf8        0x4 LONG 0x2d08 __cy_region_init_ram
                0x00002cfc        0x4 LONG 0x1fff80c8 __cy_region_start_data
                0x00002d00        0x4 LONG 0x488 __cy_region_init_size_ram
                0x00002d04        0x4 LONG 0x80 __cy_region_zero_size_ram
                0x00002d08                __cy_regions_end = .
                0x00002d08                . = ALIGN (0x8)
                0x00002d08                _etext = .

.cy_checksum_exclude
                0x00002d08        0x0
 *(.cy_checksum_exclude)

.ramvectors     0x1fff8000       0xc0
                0x1fff8000                __cy_region_start_ram = .
 *(.ramvectors)
 .ramvectors    0x1fff8000       0xc0 .\CortexM3\ARM_GCC_541\Debug\Cm3Start.o
                0x1fff8000                CyRamVectors

.noinit         0x1fff80c0        0x1
 *(.noinit)
 .noinit        0x1fff80c0        0x1 .\CortexM3\ARM_GCC_541\Debug\Implementacion_Display_OLED.a(CyLib.o)
                0x1fff80c0                CyResetStatus

.data           0x1fff80c8      0x488 load address 0x00002d08
                0x1fff80c8                __cy_region_start_data = .
 *(.jcr)
 .jcr           0x1fff80c8        0x0 c:/program files (x86)/cypress/psoc creator/4.4/psoc creator/import/gnu/arm/5.4.1/bin/../lib/gcc/arm-none-eabi/5.4.1/armv7-m/crtbegin.o
 .jcr           0x1fff80c8        0x4 c:/program files (x86)/cypress/psoc creator/4.4/psoc creator/import/gnu/arm/5.4.1/bin/../lib/gcc/arm-none-eabi/5.4.1/armv7-m/crtend.o
 *(.got.plt)
 *(.got)
 *(.shdata)
 *(.data .data.* .gnu.linkonce.d.*)
 .data          0x1fff80cc      0x401 .\CortexM3\ARM_GCC_541\Debug\ssd1306.o
 *fill*         0x1fff84cd        0x3 
 .data          0x1fff84d0        0x4 .\CortexM3\ARM_GCC_541\Debug\Cm3Start.o
 .data          0x1fff84d4       0x10 .\CortexM3\ARM_GCC_541\Debug\Implementacion_Display_OLED.a(CyLib.o)
                0x1fff84d4                cydelay_32k_ms
                0x1fff84d8                cydelay_freq_khz
                0x1fff84dc                cydelay_freq_mhz
                0x1fff84e0                cydelay_freq_hz
 .data          0x1fff84e4        0x1 .\CortexM3\ARM_GCC_541\Debug\Implementacion_Display_OLED.a(ADC.o)
                0x1fff84e4                ADC_Config
 .data          0x1fff84e5        0x1 .\CortexM3\ARM_GCC_541\Debug\Implementacion_Display_OLED.a(ADC_AMux.o)
 *fill*         0x1fff84e6        0x2 
 .data.impure_data
                0x1fff84e8       0x60 c:/program files (x86)/cypress/psoc creator/4.4/psoc creator/import/gnu/arm/5.4.1/bin/../lib/gcc/arm-none-eabi/5.4.1/../../../../arm-none-eabi/lib/armv7-m\libg_nano.a(lib_a-impure.o)
 .data._impure_ptr
                0x1fff8548        0x4 c:/program files (x86)/cypress/psoc creator/4.4/psoc creator/import/gnu/arm/5.4.1/bin/../lib/gcc/arm-none-eabi/5.4.1/../../../../arm-none-eabi/lib/armv7-m\libg_nano.a(lib_a-impure.o)
                0x1fff8548                _impure_ptr
                0x1fff8550                . = ALIGN (0x8)
 *fill*         0x1fff854c        0x4 
 *(.ram)
                0x1fff8550                _edata = .

.igot.plt       0x1fff8550        0x0 load address 0x00003190
 .igot.plt      0x1fff8550        0x0 c:/program files (x86)/cypress/psoc creator/4.4/psoc creator/import/gnu/arm/5.4.1/bin/../lib/gcc/arm-none-eabi/5.4.1/armv7-m/crtbegin.o

.bss            0x1fff8550       0x80 load address 0x00003190
                0x1fff8550                PROVIDE (__bss_start__, .)
 *(.shbss)
 *(.bss .bss.* .gnu.linkonce.b.*)
 .bss           0x1fff8550       0x1c c:/program files (x86)/cypress/psoc creator/4.4/psoc creator/import/gnu/arm/5.4.1/bin/../lib/gcc/arm-none-eabi/5.4.1/armv7-m/crtbegin.o
 .bss           0x1fff856c        0x4 .\CortexM3\ARM_GCC_541\Debug\main.o
                0x1fff856c                ADCVoltaje
 .bss           0x1fff8570       0x10 .\CortexM3\ARM_GCC_541\Debug\ssd1306.o
 .bss           0x1fff8580        0x1 .\CortexM3\ARM_GCC_541\Debug\Implementacion_Display_OLED.a(I2COLED.o)
                0x1fff8580                I2COLED_initVar
 *fill*         0x1fff8581        0x3 
 .bss           0x1fff8584        0xc .\CortexM3\ARM_GCC_541\Debug\Implementacion_Display_OLED.a(ADC.o)
                0x1fff8588                ADC_stopConversion
                0x1fff8589                ADC_convDone
                0x1fff858a                ADC_initVar
                0x1fff858b                ADC_started
                0x1fff858c                ADC_Offset
 .bss.__malloc_sbrk_start
                0x1fff8590        0x4 c:/program files (x86)/cypress/psoc creator/4.4/psoc creator/import/gnu/arm/5.4.1/bin/../lib/gcc/arm-none-eabi/5.4.1/../../../../arm-none-eabi/lib/armv7-m\libg_nano.a(lib_a-nano-mallocr.o)
                0x1fff8590                __malloc_sbrk_start
 .bss.__malloc_free_list
                0x1fff8594        0x4 c:/program files (x86)/cypress/psoc creator/4.4/psoc creator/import/gnu/arm/5.4.1/bin/../lib/gcc/arm-none-eabi/5.4.1/../../../../arm-none-eabi/lib/armv7-m\libg_nano.a(lib_a-nano-mallocr.o)
                0x1fff8594                __malloc_free_list
 *(COMMON)
 COMMON         0x1fff8598       0x10 .\CortexM3\ARM_GCC_541\Debug\main.o
                0x1fff8598                out
                0x1fff859c                str
 COMMON         0x1fff85a8        0x7 .\CortexM3\ARM_GCC_541\Debug\ssd1306.o
                0x1fff85a8                WIDTH
                0x1fff85aa                rotation
                0x1fff85ac                HEIGHT
                0x1fff85ae                wrap
 COMMON         0x1fff85af        0x1 .\CortexM3\ARM_GCC_541\Debug\Implementacion_Display_OLED.a(I2COLED.o)
                0x1fff85af                I2COLED_state
 COMMON         0x1fff85b0       0x11 .\CortexM3\ARM_GCC_541\Debug\Implementacion_Display_OLED.a(I2COLED_MASTER.o)
                0x1fff85b0                I2COLED_mstrStatus
                0x1fff85b1                I2COLED_mstrControl
                0x1fff85b2                I2COLED_mstrRdBufIndex
                0x1fff85b3                I2COLED_mstrWrBufIndex
                0x1fff85b4                I2COLED_mstrRdBufPtr
                0x1fff85b8                I2COLED_mstrWrBufSize
                0x1fff85bc                I2COLED_mstrWrBufPtr
                0x1fff85c0                I2COLED_mstrRdBufSize
 *fill*         0x1fff85c1        0x3 
 COMMON         0x1fff85c4        0x4 .\CortexM3\ARM_GCC_541\Debug\Implementacion_Display_OLED.a(ADC.o)
                0x1fff85c4                ADC_CountsPerVolt
 COMMON         0x1fff85c8        0x4 c:/program files (x86)/cypress/psoc creator/4.4/psoc creator/import/gnu/arm/5.4.1/bin/../lib/gcc/arm-none-eabi/5.4.1/../../../../arm-none-eabi/lib/armv7-m\libg_nano.a(lib_a-reent.o)
                0x1fff85c8                errno
                0x1fff85d0                . = ALIGN (0x8)
 *fill*         0x1fff85cc        0x4 
 *(.ram.b)
                0x1fff85d0                _end = .
                0x1fff85d0                __end = .
                0x1fff85d0                PROVIDE (end, .)
                0x1fff85d0                PROVIDE (__bss_end__, .)
                0x00002d08                __cy_region_init_ram = LOADADDR (.data)
                0x00000488                __cy_region_init_size_ram = (_edata - ADDR (.data))
                0x00000080                __cy_region_zero_size_ram = (_end - _edata)

.heap           0x1fff85d0       0x80 load address 0x00003190
                0x1fff85d0                . = _end
                0x1fff8650                . = (. + 0x80)
 *fill*         0x1fff85d0       0x80 
                0x1fff8650                __cy_heap_limit = .

.stack          0x20007800      0x800
                0x20007800                __cy_stack_limit = .
                0x20008000                . = (. + 0x800)
 *fill*         0x20007800      0x800 
                0x00000001                ASSERT ((__cy_stack_limit >= __cy_heap_limit), region RAM overflowed with stack)
                0x00000000                cy_checksum_exclude_size = (CY_APPL_LOADABLE == 0x1)?SIZEOF (.cy_checksum_exclude):0x0
                0x00000001                ASSERT ((cy_checksum_exclude_size <= CY_CHECKSUM_EXCLUDE_SIZE), CY_BOOT: Section .cy_checksum_exclude size exceedes specified limit.)

.cyloadermeta
 *(.cyloadermeta)

.cyloadablemeta
 *(.cyloadablemeta)

.cyconfigecc    0x80000000       0xfc
 *(.cyconfigecc)
 .cyconfigecc   0x80000000       0xfc .\CortexM3\ARM_GCC_541\Debug\cymetadata.o
                0x80000000                cy_meta_configecc

.cycustnvl      0x90000000        0x4
 *(.cycustnvl)
 .cycustnvl     0x90000000        0x4 .\CortexM3\ARM_GCC_541\Debug\cymetadata.o
                0x90000000                cy_meta_custnvl

.cywolatch      0x90100000        0x4
 *(.cywolatch)
 .cywolatch     0x90100000        0x4 .\CortexM3\ARM_GCC_541\Debug\cymetadata.o
                0x90100000                cy_meta_wonvl

.cyeeprom       0x90200000        0x0
 *(.cyeeprom)
                0x00000001                ASSERT ((. <= ((0x90200000 + ee_offset) + ee_size)), .cyeeprom data will not fit in EEPROM)

.cyflashprotect
                0x90400000      0x100
 *(.cyflashprotect)
 .cyflashprotect
                0x90400000      0x100 .\CortexM3\ARM_GCC_541\Debug\cymetadata.o
                0x90400000                cy_meta_flashprotect

.cymeta         0x90500000        0xc
 *(.cymeta)
 .cymeta        0x90500000        0xc .\CortexM3\ARM_GCC_541\Debug\cymetadata.o
                0x90500000                cy_metadata

.rel.dyn        0x00003190        0x0 load address 0x9050000c
 .rel.iplt      0x00003190        0x0 c:/program files (x86)/cypress/psoc creator/4.4/psoc creator/import/gnu/arm/5.4.1/bin/../lib/gcc/arm-none-eabi/5.4.1/armv7-m/crtbegin.o

.stab
 *(.stab)

.stabstr
 *(.stabstr)

.debug
 *(.debug)

.line
 *(.line)

.debug_srcinfo
 *(.debug_srcinfo)

.debug_sfnames
 *(.debug_sfnames)

.debug_aranges  0x00000000      0x9b0
 *(.debug_aranges)
 .debug_aranges
                0x00000000       0x20 .\CortexM3\ARM_GCC_541\Debug\main.o
 .debug_aranges
                0x00000020      0x118 .\CortexM3\ARM_GCC_541\Debug\ssd1306.o
 .debug_aranges
                0x00000138       0x68 .\CortexM3\ARM_GCC_541\Debug\cyfitter_cfg.o
 .debug_aranges
                0x000001a0       0x18 .\CortexM3\ARM_GCC_541\Debug\cymetadata.o
 .debug_aranges
                0x000001b8       0x48 .\CortexM3\ARM_GCC_541\Debug\Cm3Start.o
 .debug_aranges
                0x00000200      0x2a0 .\CortexM3\ARM_GCC_541\Debug\Implementacion_Display_OLED.a(CyLib.o)
 .debug_aranges
                0x000004a0       0x98 .\CortexM3\ARM_GCC_541\Debug\Implementacion_Display_OLED.a(cyPm.o)
 .debug_aranges
                0x00000538       0x38 .\CortexM3\ARM_GCC_541\Debug\Implementacion_Display_OLED.a(I2COLED.o)
 .debug_aranges
                0x00000570       0x20 .\CortexM3\ARM_GCC_541\Debug\Implementacion_Display_OLED.a(I2COLED_INT.o)
 .debug_aranges
                0x00000590       0x38 .\CortexM3\ARM_GCC_541\Debug\Implementacion_Display_OLED.a(I2COLED_PM.o)
 .debug_aranges
                0x000005c8       0x80 .\CortexM3\ARM_GCC_541\Debug\Implementacion_Display_OLED.a(I2COLED_MASTER.o)
 .debug_aranges
                0x00000648       0xe8 .\CortexM3\ARM_GCC_541\Debug\Implementacion_Display_OLED.a(ADC.o)
 .debug_aranges
                0x00000730       0x38 .\CortexM3\ARM_GCC_541\Debug\Implementacion_Display_OLED.a(ADC_INT.o)
 .debug_aranges
                0x00000768       0x30 .\CortexM3\ARM_GCC_541\Debug\Implementacion_Display_OLED.a(ADC_AMux.o)
 .debug_aranges
                0x00000798       0x70 .\CortexM3\ARM_GCC_541\Debug\Implementacion_Display_OLED.a(ADC_Ext_CP_Clk.o)
 .debug_aranges
                0x00000808       0x80 .\CortexM3\ARM_GCC_541\Debug\Implementacion_Display_OLED.a(ADC_theACLK.o)
 .debug_aranges
                0x00000888       0x20 .\CortexM3\ARM_GCC_541\Debug\Implementacion_Display_OLED.a(CyBootAsmGnu.o)
 .debug_aranges
                0x000008a8       0x88 .\CortexM3\ARM_GCC_541\Debug\Implementacion_Display_OLED.a(CyFlash.o)
 .debug_aranges
                0x00000930       0x80 .\CortexM3\ARM_GCC_541\Debug\Implementacion_Display_OLED.a(CySpc.o)

.debug_pubnames
 *(.debug_pubnames)

.debug_info     0x00000000     0x6738
 *(.debug_info .gnu.linkonce.wi.*)
 .debug_info    0x00000000      0x396 .\CortexM3\ARM_GCC_541\Debug\main.o
 .debug_info    0x00000396     0x132d .\CortexM3\ARM_GCC_541\Debug\ssd1306.o
 .debug_info    0x000016c3      0x59d .\CortexM3\ARM_GCC_541\Debug\cyfitter_cfg.o
 .debug_info    0x00001c60      0x134 .\CortexM3\ARM_GCC_541\Debug\cymetadata.o
 .debug_info    0x00001d94      0x3bb .\CortexM3\ARM_GCC_541\Debug\Cm3Start.o
 .debug_info    0x0000214f     0x1374 .\CortexM3\ARM_GCC_541\Debug\Implementacion_Display_OLED.a(CyLib.o)
 .debug_info    0x000034c3      0xa2a .\CortexM3\ARM_GCC_541\Debug\Implementacion_Display_OLED.a(cyPm.o)
 .debug_info    0x00003eed      0x2ad .\CortexM3\ARM_GCC_541\Debug\Implementacion_Display_OLED.a(I2COLED.o)
 .debug_info    0x0000419a      0x184 .\CortexM3\ARM_GCC_541\Debug\Implementacion_Display_OLED.a(I2COLED_INT.o)
 .debug_info    0x0000431e      0x207 .\CortexM3\ARM_GCC_541\Debug\Implementacion_Display_OLED.a(I2COLED_PM.o)
 .debug_info    0x00004525      0x407 .\CortexM3\ARM_GCC_541\Debug\Implementacion_Display_OLED.a(I2COLED_MASTER.o)
 .debug_info    0x0000492c      0xa1d .\CortexM3\ARM_GCC_541\Debug\Implementacion_Display_OLED.a(ADC.o)
 .debug_info    0x00005349       0xd3 .\CortexM3\ARM_GCC_541\Debug\Implementacion_Display_OLED.a(ADC_INT.o)
 .debug_info    0x0000541c      0x165 .\CortexM3\ARM_GCC_541\Debug\Implementacion_Display_OLED.a(ADC_AMux.o)
 .debug_info    0x00005581      0x283 .\CortexM3\ARM_GCC_541\Debug\Implementacion_Display_OLED.a(ADC_Ext_CP_Clk.o)
 .debug_info    0x00005804      0x2c4 .\CortexM3\ARM_GCC_541\Debug\Implementacion_Display_OLED.a(ADC_theACLK.o)
 .debug_info    0x00005ac8       0xd3 .\CortexM3\ARM_GCC_541\Debug\Implementacion_Display_OLED.a(CyBootAsmGnu.o)
 .debug_info    0x00005b9b      0x64d .\CortexM3\ARM_GCC_541\Debug\Implementacion_Display_OLED.a(CyFlash.o)
 .debug_info    0x000061e8      0x550 .\CortexM3\ARM_GCC_541\Debug\Implementacion_Display_OLED.a(CySpc.o)

.debug_abbrev   0x00000000     0x1845
 *(.debug_abbrev)
 .debug_abbrev  0x00000000       0xef .\CortexM3\ARM_GCC_541\Debug\main.o
 .debug_abbrev  0x000000ef      0x291 .\CortexM3\ARM_GCC_541\Debug\ssd1306.o
 .debug_abbrev  0x00000380      0x21e .\CortexM3\ARM_GCC_541\Debug\cyfitter_cfg.o
 .debug_abbrev  0x0000059e       0x5d .\CortexM3\ARM_GCC_541\Debug\cymetadata.o
 .debug_abbrev  0x000005fb      0x1e8 .\CortexM3\ARM_GCC_541\Debug\Cm3Start.o
 .debug_abbrev  0x000007e3      0x254 .\CortexM3\ARM_GCC_541\Debug\Implementacion_Display_OLED.a(CyLib.o)
 .debug_abbrev  0x00000a37      0x1ab .\CortexM3\ARM_GCC_541\Debug\Implementacion_Display_OLED.a(cyPm.o)
 .debug_abbrev  0x00000be2      0x10a .\CortexM3\ARM_GCC_541\Debug\Implementacion_Display_OLED.a(I2COLED.o)
 .debug_abbrev  0x00000cec       0xb6 .\CortexM3\ARM_GCC_541\Debug\Implementacion_Display_OLED.a(I2COLED_INT.o)
 .debug_abbrev  0x00000da2       0xfe .\CortexM3\ARM_GCC_541\Debug\Implementacion_Display_OLED.a(I2COLED_PM.o)
 .debug_abbrev  0x00000ea0      0x13c .\CortexM3\ARM_GCC_541\Debug\Implementacion_Display_OLED.a(I2COLED_MASTER.o)
 .debug_abbrev  0x00000fdc      0x1cd .\CortexM3\ARM_GCC_541\Debug\Implementacion_Display_OLED.a(ADC.o)
 .debug_abbrev  0x000011a9       0x42 .\CortexM3\ARM_GCC_541\Debug\Implementacion_Display_OLED.a(ADC_INT.o)
 .debug_abbrev  0x000011eb       0xb1 .\CortexM3\ARM_GCC_541\Debug\Implementacion_Display_OLED.a(ADC_AMux.o)
 .debug_abbrev  0x0000129c      0x139 .\CortexM3\ARM_GCC_541\Debug\Implementacion_Display_OLED.a(ADC_Ext_CP_Clk.o)
 .debug_abbrev  0x000013d5      0x121 .\CortexM3\ARM_GCC_541\Debug\Implementacion_Display_OLED.a(ADC_theACLK.o)
 .debug_abbrev  0x000014f6       0x14 .\CortexM3\ARM_GCC_541\Debug\Implementacion_Display_OLED.a(CyBootAsmGnu.o)
 .debug_abbrev  0x0000150a      0x1a7 .\CortexM3\ARM_GCC_541\Debug\Implementacion_Display_OLED.a(CyFlash.o)
 .debug_abbrev  0x000016b1      0x194 .\CortexM3\ARM_GCC_541\Debug\Implementacion_Display_OLED.a(CySpc.o)

.debug_line     0x00000000     0x2ad1
 *(.debug_line)
 .debug_line    0x00000000      0x25b .\CortexM3\ARM_GCC_541\Debug\main.o
 .debug_line    0x0000025b      0x62f .\CortexM3\ARM_GCC_541\Debug\ssd1306.o
 .debug_line    0x0000088a      0x202 .\CortexM3\ARM_GCC_541\Debug\cyfitter_cfg.o
 .debug_line    0x00000a8c      0x141 .\CortexM3\ARM_GCC_541\Debug\cymetadata.o
 .debug_line    0x00000bcd      0x234 .\CortexM3\ARM_GCC_541\Debug\Cm3Start.o
 .debug_line    0x00000e01      0x816 .\CortexM3\ARM_GCC_541\Debug\Implementacion_Display_OLED.a(CyLib.o)
 .debug_line    0x00001617      0x367 .\CortexM3\ARM_GCC_541\Debug\Implementacion_Display_OLED.a(cyPm.o)
 .debug_line    0x0000197e       0xe5 .\CortexM3\ARM_GCC_541\Debug\Implementacion_Display_OLED.a(I2COLED.o)
 .debug_line    0x00001a63      0x11c .\CortexM3\ARM_GCC_541\Debug\Implementacion_Display_OLED.a(I2COLED_INT.o)
 .debug_line    0x00001b7f       0xc3 .\CortexM3\ARM_GCC_541\Debug\Implementacion_Display_OLED.a(I2COLED_PM.o)
 .debug_line    0x00001c42      0x205 .\CortexM3\ARM_GCC_541\Debug\Implementacion_Display_OLED.a(I2COLED_MASTER.o)
 .debug_line    0x00001e47      0x364 .\CortexM3\ARM_GCC_541\Debug\Implementacion_Display_OLED.a(ADC.o)
 .debug_line    0x000021ab       0x80 .\CortexM3\ARM_GCC_541\Debug\Implementacion_Display_OLED.a(ADC_INT.o)
 .debug_line    0x0000222b       0xac .\CortexM3\ARM_GCC_541\Debug\Implementacion_Display_OLED.a(ADC_AMux.o)
 .debug_line    0x000022d7      0x17d .\CortexM3\ARM_GCC_541\Debug\Implementacion_Display_OLED.a(ADC_Ext_CP_Clk.o)
 .debug_line    0x00002454      0x19d .\CortexM3\ARM_GCC_541\Debug\Implementacion_Display_OLED.a(ADC_theACLK.o)
 .debug_line    0x000025f1       0x66 .\CortexM3\ARM_GCC_541\Debug\Implementacion_Display_OLED.a(CyBootAsmGnu.o)
 .debug_line    0x00002657      0x21a .\CortexM3\ARM_GCC_541\Debug\Implementacion_Display_OLED.a(CyFlash.o)
 .debug_line    0x00002871      0x260 .\CortexM3\ARM_GCC_541\Debug\Implementacion_Display_OLED.a(CySpc.o)

.debug_frame    0x00000000     0x1d74
 *(.debug_frame)
 .debug_frame   0x00000000       0x2c .\CortexM3\ARM_GCC_541\Debug\main.o
 .debug_frame   0x0000002c      0x3d0 .\CortexM3\ARM_GCC_541\Debug\ssd1306.o
 .debug_frame   0x000003fc      0x104 .\CortexM3\ARM_GCC_541\Debug\cyfitter_cfg.o
 .debug_frame   0x00000500       0xb8 .\CortexM3\ARM_GCC_541\Debug\Cm3Start.o
 .debug_frame   0x000005b8      0x738 .\CortexM3\ARM_GCC_541\Debug\Implementacion_Display_OLED.a(CyLib.o)
 .debug_frame   0x00000cf0      0x1f8 .\CortexM3\ARM_GCC_541\Debug\Implementacion_Display_OLED.a(cyPm.o)
 .debug_frame   0x00000ee8       0x94 .\CortexM3\ARM_GCC_541\Debug\Implementacion_Display_OLED.a(I2COLED.o)
 .debug_frame   0x00000f7c       0x30 .\CortexM3\ARM_GCC_541\Debug\Implementacion_Display_OLED.a(I2COLED_INT.o)
 .debug_frame   0x00000fac       0x74 .\CortexM3\ARM_GCC_541\Debug\Implementacion_Display_OLED.a(I2COLED_PM.o)
 .debug_frame   0x00001020      0x138 .\CortexM3\ARM_GCC_541\Debug\Implementacion_Display_OLED.a(I2COLED_MASTER.o)
 .debug_frame   0x00001158      0x290 .\CortexM3\ARM_GCC_541\Debug\Implementacion_Display_OLED.a(ADC.o)
 .debug_frame   0x000013e8       0x50 .\CortexM3\ARM_GCC_541\Debug\Implementacion_Display_OLED.a(ADC_INT.o)
 .debug_frame   0x00001438       0x64 .\CortexM3\ARM_GCC_541\Debug\Implementacion_Display_OLED.a(ADC_AMux.o)
 .debug_frame   0x0000149c       0xe0 .\CortexM3\ARM_GCC_541\Debug\Implementacion_Display_OLED.a(ADC_Ext_CP_Clk.o)
 .debug_frame   0x0000157c      0x100 .\CortexM3\ARM_GCC_541\Debug\Implementacion_Display_OLED.a(ADC_theACLK.o)
 .debug_frame   0x0000167c      0x194 .\CortexM3\ARM_GCC_541\Debug\Implementacion_Display_OLED.a(CyFlash.o)
 .debug_frame   0x00001810      0x180 .\CortexM3\ARM_GCC_541\Debug\Implementacion_Display_OLED.a(CySpc.o)
 .debug_frame   0x00001990       0x20 c:/program files (x86)/cypress/psoc creator/4.4/psoc creator/import/gnu/arm/5.4.1/bin/../lib/gcc/arm-none-eabi/5.4.1/../../../../arm-none-eabi/lib/armv7-m\libg_nano.a(lib_a-errno.o)
 .debug_frame   0x000019b0       0x28 c:/program files (x86)/cypress/psoc creator/4.4/psoc creator/import/gnu/arm/5.4.1/bin/../lib/gcc/arm-none-eabi/5.4.1/../../../../arm-none-eabi/lib/armv7-m\libg_nano.a(lib_a-exit.o)
 .debug_frame   0x000019d8       0x2c c:/program files (x86)/cypress/psoc creator/4.4/psoc creator/import/gnu/arm/5.4.1/bin/../lib/gcc/arm-none-eabi/5.4.1/../../../../arm-none-eabi/lib/armv7-m\libg_nano.a(lib_a-init.o)
 .debug_frame   0x00001a04       0x28 c:/program files (x86)/cypress/psoc creator/4.4/psoc creator/import/gnu/arm/5.4.1/bin/../lib/gcc/arm-none-eabi/5.4.1/../../../../arm-none-eabi/lib/armv7-m\libg_nano.a(lib_a-memcpy-stub.o)
 .debug_frame   0x00001a2c       0x20 c:/program files (x86)/cypress/psoc creator/4.4/psoc creator/import/gnu/arm/5.4.1/bin/../lib/gcc/arm-none-eabi/5.4.1/../../../../arm-none-eabi/lib/armv7-m\libg_nano.a(lib_a-memset.o)
 .debug_frame   0x00001a4c       0x70 c:/program files (x86)/cypress/psoc creator/4.4/psoc creator/import/gnu/arm/5.4.1/bin/../lib/gcc/arm-none-eabi/5.4.1/../../../../arm-none-eabi/lib/armv7-m\libg_nano.a(lib_a-sprintf.o)
 .debug_frame   0x00001abc       0x90 c:/program files (x86)/cypress/psoc creator/4.4/psoc creator/import/gnu/arm/5.4.1/bin/../lib/gcc/arm-none-eabi/5.4.1/../../../../arm-none-eabi/lib/armv7-m\libg_nano.a(lib_a-nano-svfprintf.o)
 .debug_frame   0x00001b4c       0x60 c:/program files (x86)/cypress/psoc creator/4.4/psoc creator/import/gnu/arm/5.4.1/bin/../lib/gcc/arm-none-eabi/5.4.1/../../../../arm-none-eabi/lib/armv7-m\libg_nano.a(lib_a-nano-vfprintf_i.o)
 .debug_frame   0x00001bac       0x28 c:/program files (x86)/cypress/psoc creator/4.4/psoc creator/import/gnu/arm/5.4.1/bin/../lib/gcc/arm-none-eabi/5.4.1/../../../../arm-none-eabi/lib/armv7-m\libg_nano.a(lib_a-memchr-stub.o)
 .debug_frame   0x00001bd4       0x28 c:/program files (x86)/cypress/psoc creator/4.4/psoc creator/import/gnu/arm/5.4.1/bin/../lib/gcc/arm-none-eabi/5.4.1/../../../../arm-none-eabi/lib/armv7-m\libg_nano.a(lib_a-memmove.o)
 .debug_frame   0x00001bfc       0x38 c:/program files (x86)/cypress/psoc creator/4.4/psoc creator/import/gnu/arm/5.4.1/bin/../lib/gcc/arm-none-eabi/5.4.1/../../../../arm-none-eabi/lib/armv7-m\libg_nano.a(lib_a-nano-freer.o)
 .debug_frame   0x00001c34       0x2c c:/program files (x86)/cypress/psoc creator/4.4/psoc creator/import/gnu/arm/5.4.1/bin/../lib/gcc/arm-none-eabi/5.4.1/../../../../arm-none-eabi/lib/armv7-m\libg_nano.a(lib_a-nano-mallocr.o)
 .debug_frame   0x00001c60       0x3c c:/program files (x86)/cypress/psoc creator/4.4/psoc creator/import/gnu/arm/5.4.1/bin/../lib/gcc/arm-none-eabi/5.4.1/../../../../arm-none-eabi/lib/armv7-m\libg_nano.a(lib_a-nano-reallocr.o)
 .debug_frame   0x00001c9c       0x2c c:/program files (x86)/cypress/psoc creator/4.4/psoc creator/import/gnu/arm/5.4.1/bin/../lib/gcc/arm-none-eabi/5.4.1/../../../../arm-none-eabi/lib/armv7-m\libg_nano.a(lib_a-sbrkr.o)
 .debug_frame   0x00001cc8       0x30 c:/program files (x86)/cypress/psoc creator/4.4/psoc creator/import/gnu/arm/5.4.1/bin/../lib/gcc/arm-none-eabi/5.4.1/../../../../arm-none-eabi/lib/armv7-m\libg_nano.a(lib_a-mlock.o)
 .debug_frame   0x00001cf8       0x20 c:/program files (x86)/cypress/psoc creator/4.4/psoc creator/import/gnu/arm/5.4.1/bin/../lib/gcc/arm-none-eabi/5.4.1/../../../../arm-none-eabi/lib/armv7-m\libg_nano.a(lib_a-nano-msizer.o)
 .debug_frame   0x00001d18       0x5c c:/program files (x86)/cypress/psoc creator/4.4/psoc creator/import/gnu/arm/5.4.1/bin/../lib/gcc/arm-none-eabi/5.4.1/../../../../arm-none-eabi/lib/armv7-m\libg_nano.a(lib_a-reent.o)

.debug_str      0x00000000     0x21fa
 *(.debug_str)
 .debug_str     0x00000000      0x29f .\CortexM3\ARM_GCC_541\Debug\main.o
                                0x2ed (size before relaxing)
 .debug_str     0x0000029f      0x3e2 .\CortexM3\ARM_GCC_541\Debug\ssd1306.o
                                0x6ba (size before relaxing)
 .debug_str     0x00000681      0x1bf .\CortexM3\ARM_GCC_541\Debug\cyfitter_cfg.o
                                0x39e (size before relaxing)
 .debug_str     0x00000840       0x75 .\CortexM3\ARM_GCC_541\Debug\cymetadata.o
                                0x227 (size before relaxing)
 .debug_str     0x000008b5      0x13f .\CortexM3\ARM_GCC_541\Debug\Cm3Start.o
                                0x34d (size before relaxing)
 .debug_str     0x000009f4      0x841 .\CortexM3\ARM_GCC_541\Debug\Implementacion_Display_OLED.a(CyLib.o)
                                0xa8a (size before relaxing)
 .debug_str     0x00001235      0x365 .\CortexM3\ARM_GCC_541\Debug\Implementacion_Display_OLED.a(cyPm.o)
                                0x776 (size before relaxing)
 .debug_str     0x0000159a      0x100 .\CortexM3\ARM_GCC_541\Debug\Implementacion_Display_OLED.a(I2COLED.o)
                                0x354 (size before relaxing)
 .debug_str     0x0000169a       0xa2 .\CortexM3\ARM_GCC_541\Debug\Implementacion_Display_OLED.a(I2COLED_INT.o)
                                0x2ce (size before relaxing)
 .debug_str     0x0000173c       0x6a .\CortexM3\ARM_GCC_541\Debug\Implementacion_Display_OLED.a(I2COLED_PM.o)
                                0x2e4 (size before relaxing)
 .debug_str     0x000017a6      0x161 .\CortexM3\ARM_GCC_541\Debug\Implementacion_Display_OLED.a(I2COLED_MASTER.o)
                                0x443 (size before relaxing)
 .debug_str     0x00001907      0x333 .\CortexM3\ARM_GCC_541\Debug\Implementacion_Display_OLED.a(ADC.o)
                                0x60c (size before relaxing)
 .debug_str     0x00001c3a       0x45 .\CortexM3\ARM_GCC_541\Debug\Implementacion_Display_OLED.a(ADC_INT.o)
                                0x203 (size before relaxing)
 .debug_str     0x00001c7f       0x5f .\CortexM3\ARM_GCC_541\Debug\Implementacion_Display_OLED.a(ADC_AMux.o)
                                0x242 (size before relaxing)
 .debug_str     0x00001cde      0x16d .\CortexM3\ARM_GCC_541\Debug\Implementacion_Display_OLED.a(ADC_Ext_CP_Clk.o)
                                0x385 (size before relaxing)
 .debug_str     0x00001e4b      0x14f .\CortexM3\ARM_GCC_541\Debug\Implementacion_Display_OLED.a(ADC_theACLK.o)
                                0x3a4 (size before relaxing)
 .debug_str     0x00001f9a      0x1b4 .\CortexM3\ARM_GCC_541\Debug\Implementacion_Display_OLED.a(CyFlash.o)
                                0x403 (size before relaxing)
 .debug_str     0x0000214e       0xac .\CortexM3\ARM_GCC_541\Debug\Implementacion_Display_OLED.a(CySpc.o)
                                0x37b (size before relaxing)

.debug_loc      0x00000000     0x36ef
 *(.debug_loc)
 .debug_loc     0x00000000      0xd9c .\CortexM3\ARM_GCC_541\Debug\ssd1306.o
 .debug_loc     0x00000d9c      0x219 .\CortexM3\ARM_GCC_541\Debug\cyfitter_cfg.o
 .debug_loc     0x00000fb5      0x144 .\CortexM3\ARM_GCC_541\Debug\Cm3Start.o
 .debug_loc     0x000010f9      0xa11 .\CortexM3\ARM_GCC_541\Debug\Implementacion_Display_OLED.a(CyLib.o)
 .debug_loc     0x00001b0a      0x1e4 .\CortexM3\ARM_GCC_541\Debug\Implementacion_Display_OLED.a(cyPm.o)
 .debug_loc     0x00001cee       0x39 .\CortexM3\ARM_GCC_541\Debug\Implementacion_Display_OLED.a(I2COLED.o)
 .debug_loc     0x00001d27       0x29 .\CortexM3\ARM_GCC_541\Debug\Implementacion_Display_OLED.a(I2COLED_INT.o)
 .debug_loc     0x00001d50       0x13 .\CortexM3\ARM_GCC_541\Debug\Implementacion_Display_OLED.a(I2COLED_PM.o)
 .debug_loc     0x00001d63      0x52f .\CortexM3\ARM_GCC_541\Debug\Implementacion_Display_OLED.a(I2COLED_MASTER.o)
 .debug_loc     0x00002292      0x6c1 .\CortexM3\ARM_GCC_541\Debug\Implementacion_Display_OLED.a(ADC.o)
 .debug_loc     0x00002953       0x6c .\CortexM3\ARM_GCC_541\Debug\Implementacion_Display_OLED.a(ADC_AMux.o)
 .debug_loc     0x000029bf      0x12c .\CortexM3\ARM_GCC_541\Debug\Implementacion_Display_OLED.a(ADC_Ext_CP_Clk.o)
 .debug_loc     0x00002aeb      0x14d .\CortexM3\ARM_GCC_541\Debug\Implementacion_Display_OLED.a(ADC_theACLK.o)
 .debug_loc     0x00002c38      0x3b2 .\CortexM3\ARM_GCC_541\Debug\Implementacion_Display_OLED.a(CyFlash.o)
 .debug_loc     0x00002fea      0x705 .\CortexM3\ARM_GCC_541\Debug\Implementacion_Display_OLED.a(CySpc.o)

.debug_macinfo
 *(.debug_macinfo)

.debug_ranges   0x00000000      0x880
 *(.debug_ranges)
 .debug_ranges  0x00000000       0x10 .\CortexM3\ARM_GCC_541\Debug\main.o
 .debug_ranges  0x00000010      0x120 .\CortexM3\ARM_GCC_541\Debug\ssd1306.o
 .debug_ranges  0x00000130       0x58 .\CortexM3\ARM_GCC_541\Debug\cyfitter_cfg.o
 .debug_ranges  0x00000188       0x38 .\CortexM3\ARM_GCC_541\Debug\Cm3Start.o
 .debug_ranges  0x000001c0      0x290 .\CortexM3\ARM_GCC_541\Debug\Implementacion_Display_OLED.a(CyLib.o)
 .debug_ranges  0x00000450       0x88 .\CortexM3\ARM_GCC_541\Debug\Implementacion_Display_OLED.a(cyPm.o)
 .debug_ranges  0x000004d8       0x28 .\CortexM3\ARM_GCC_541\Debug\Implementacion_Display_OLED.a(I2COLED.o)
 .debug_ranges  0x00000500       0x10 .\CortexM3\ARM_GCC_541\Debug\Implementacion_Display_OLED.a(I2COLED_INT.o)
 .debug_ranges  0x00000510       0x28 .\CortexM3\ARM_GCC_541\Debug\Implementacion_Display_OLED.a(I2COLED_PM.o)
 .debug_ranges  0x00000538       0x70 .\CortexM3\ARM_GCC_541\Debug\Implementacion_Display_OLED.a(I2COLED_MASTER.o)
 .debug_ranges  0x000005a8       0xd8 .\CortexM3\ARM_GCC_541\Debug\Implementacion_Display_OLED.a(ADC.o)
 .debug_ranges  0x00000680       0x28 .\CortexM3\ARM_GCC_541\Debug\Implementacion_Display_OLED.a(ADC_INT.o)
 .debug_ranges  0x000006a8       0x20 .\CortexM3\ARM_GCC_541\Debug\Implementacion_Display_OLED.a(ADC_AMux.o)
 .debug_ranges  0x000006c8       0x60 .\CortexM3\ARM_GCC_541\Debug\Implementacion_Display_OLED.a(ADC_Ext_CP_Clk.o)
 .debug_ranges  0x00000728       0x70 .\CortexM3\ARM_GCC_541\Debug\Implementacion_Display_OLED.a(ADC_theACLK.o)
 .debug_ranges  0x00000798       0x78 .\CortexM3\ARM_GCC_541\Debug\Implementacion_Display_OLED.a(CyFlash.o)
 .debug_ranges  0x00000810       0x70 .\CortexM3\ARM_GCC_541\Debug\Implementacion_Display_OLED.a(CySpc.o)

.comment        0x00000000       0x6e
 .comment       0x00000000       0x6e .\CortexM3\ARM_GCC_541\Debug\main.o
                                 0x6f (size before relaxing)
 .comment       0x0000006e       0x6f .\CortexM3\ARM_GCC_541\Debug\ssd1306.o
 .comment       0x0000006e       0x6f .\CortexM3\ARM_GCC_541\Debug\cyfitter_cfg.o
 .comment       0x0000006e       0x6f .\CortexM3\ARM_GCC_541\Debug\cymetadata.o
 .comment       0x0000006e       0x6f .\CortexM3\ARM_GCC_541\Debug\Cm3Start.o
 .comment       0x0000006e       0x6f .\CortexM3\ARM_GCC_541\Debug\Implementacion_Display_OLED.a(CyLib.o)
 .comment       0x0000006e       0x6f .\CortexM3\ARM_GCC_541\Debug\Implementacion_Display_OLED.a(cyPm.o)
 .comment       0x0000006e       0x6f .\CortexM3\ARM_GCC_541\Debug\Implementacion_Display_OLED.a(I2COLED.o)
 .comment       0x0000006e       0x6f .\CortexM3\ARM_GCC_541\Debug\Implementacion_Display_OLED.a(I2COLED_INT.o)
 .comment       0x0000006e       0x6f .\CortexM3\ARM_GCC_541\Debug\Implementacion_Display_OLED.a(I2COLED_PM.o)
 .comment       0x0000006e       0x6f .\CortexM3\ARM_GCC_541\Debug\Implementacion_Display_OLED.a(I2COLED_MASTER.o)
 .comment       0x0000006e       0x6f .\CortexM3\ARM_GCC_541\Debug\Implementacion_Display_OLED.a(ADC.o)
 .comment       0x0000006e       0x6f .\CortexM3\ARM_GCC_541\Debug\Implementacion_Display_OLED.a(ADC_INT.o)
 .comment       0x0000006e       0x6f .\CortexM3\ARM_GCC_541\Debug\Implementacion_Display_OLED.a(ADC_AMux.o)
 .comment       0x0000006e       0x6f .\CortexM3\ARM_GCC_541\Debug\Implementacion_Display_OLED.a(ADC_Ext_CP_Clk.o)
 .comment       0x0000006e       0x6f .\CortexM3\ARM_GCC_541\Debug\Implementacion_Display_OLED.a(ADC_theACLK.o)
 .comment       0x0000006e       0x6f .\CortexM3\ARM_GCC_541\Debug\Implementacion_Display_OLED.a(CyFlash.o)
 .comment       0x0000006e       0x6f .\CortexM3\ARM_GCC_541\Debug\Implementacion_Display_OLED.a(CySpc.o)

.debug_weaknames
 *(.debug_weaknames)

.debug_funcnames
 *(.debug_funcnames)

.debug_typenames
 *(.debug_typenames)

.debug_varnames
 *(.debug_varnames)

.note.gnu.arm.ident
 *(.note.gnu.arm.ident)

.ARM.attributes
                0x00000000       0x29
 *(.ARM.attributes)
 .ARM.attributes
                0x00000000       0x1d c:/program files (x86)/cypress/psoc creator/4.4/psoc creator/import/gnu/arm/5.4.1/bin/../lib/gcc/arm-none-eabi/5.4.1/armv7-m/crti.o
 .ARM.attributes
                0x0000001d       0x2d c:/program files (x86)/cypress/psoc creator/4.4/psoc creator/import/gnu/arm/5.4.1/bin/../lib/gcc/arm-none-eabi/5.4.1/armv7-m/crtbegin.o
 .ARM.attributes
                0x0000004a       0x1b c:/program files (x86)/cypress/psoc creator/4.4/psoc creator/import/gnu/arm/5.4.1/bin/../lib/gcc/arm-none-eabi/5.4.1/../../../../arm-none-eabi/lib/armv7-m/crt0.o
 .ARM.attributes
                0x00000065       0x33 .\CortexM3\ARM_GCC_541\Debug\main.o
 .ARM.attributes
                0x00000098       0x33 .\CortexM3\ARM_GCC_541\Debug\ssd1306.o
 .ARM.attributes
                0x000000cb       0x33 .\CortexM3\ARM_GCC_541\Debug\cyfitter_cfg.o
 .ARM.attributes
                0x000000fe       0x33 .\CortexM3\ARM_GCC_541\Debug\cymetadata.o
 .ARM.attributes
                0x00000131       0x33 .\CortexM3\ARM_GCC_541\Debug\Cm3Start.o
 .ARM.attributes
                0x00000164       0x33 .\CortexM3\ARM_GCC_541\Debug\Implementacion_Display_OLED.a(CyLib.o)
 .ARM.attributes
                0x00000197       0x33 .\CortexM3\ARM_GCC_541\Debug\Implementacion_Display_OLED.a(cyPm.o)
 .ARM.attributes
                0x000001ca       0x33 .\CortexM3\ARM_GCC_541\Debug\Implementacion_Display_OLED.a(I2COLED.o)
 .ARM.attributes
                0x000001fd       0x33 .\CortexM3\ARM_GCC_541\Debug\Implementacion_Display_OLED.a(I2COLED_INT.o)
 .ARM.attributes
                0x00000230       0x33 .\CortexM3\ARM_GCC_541\Debug\Implementacion_Display_OLED.a(I2COLED_PM.o)
 .ARM.attributes
                0x00000263       0x33 .\CortexM3\ARM_GCC_541\Debug\Implementacion_Display_OLED.a(I2COLED_MASTER.o)
 .ARM.attributes
                0x00000296       0x33 .\CortexM3\ARM_GCC_541\Debug\Implementacion_Display_OLED.a(ADC.o)
 .ARM.attributes
                0x000002c9       0x33 .\CortexM3\ARM_GCC_541\Debug\Implementacion_Display_OLED.a(ADC_INT.o)
 .ARM.attributes
                0x000002fc       0x33 .\CortexM3\ARM_GCC_541\Debug\Implementacion_Display_OLED.a(ADC_AMux.o)
 .ARM.attributes
                0x0000032f       0x33 .\CortexM3\ARM_GCC_541\Debug\Implementacion_Display_OLED.a(ADC_Ext_CP_Clk.o)
 .ARM.attributes
                0x00000362       0x33 .\CortexM3\ARM_GCC_541\Debug\Implementacion_Display_OLED.a(ADC_theACLK.o)
 .ARM.attributes
                0x00000395       0x21 .\CortexM3\ARM_GCC_541\Debug\Implementacion_Display_OLED.a(CyBootAsmGnu.o)
 .ARM.attributes
                0x000003b6       0x33 .\CortexM3\ARM_GCC_541\Debug\Implementacion_Display_OLED.a(CyFlash.o)
 .ARM.attributes
                0x000003e9       0x33 .\CortexM3\ARM_GCC_541\Debug\Implementacion_Display_OLED.a(CySpc.o)
 .ARM.attributes
                0x0000041c       0x1d c:/program files (x86)/cypress/psoc creator/4.4/psoc creator/import/gnu/arm/5.4.1/bin/../lib/gcc/arm-none-eabi/5.4.1/armv7-m\libgcc.a(_arm_addsubdf3.o)
 .ARM.attributes
                0x00000439       0x1d c:/program files (x86)/cypress/psoc creator/4.4/psoc creator/import/gnu/arm/5.4.1/bin/../lib/gcc/arm-none-eabi/5.4.1/armv7-m\libgcc.a(_arm_cmpdf2.o)
 .ARM.attributes
                0x00000456       0x1d c:/program files (x86)/cypress/psoc creator/4.4/psoc creator/import/gnu/arm/5.4.1/bin/../lib/gcc/arm-none-eabi/5.4.1/armv7-m\libgcc.a(_arm_addsubsf3.o)
 .ARM.attributes
                0x00000473       0x1d c:/program files (x86)/cypress/psoc creator/4.4/psoc creator/import/gnu/arm/5.4.1/bin/../lib/gcc/arm-none-eabi/5.4.1/armv7-m\libgcc.a(_arm_muldivsf3.o)
 .ARM.attributes
                0x00000490       0x1d c:/program files (x86)/cypress/psoc creator/4.4/psoc creator/import/gnu/arm/5.4.1/bin/../lib/gcc/arm-none-eabi/5.4.1/armv7-m\libgcc.a(_arm_fixunssfsi.o)
 .ARM.attributes
                0x000004ad       0x2d c:/program files (x86)/cypress/psoc creator/4.4/psoc creator/import/gnu/arm/5.4.1/bin/../lib/gcc/arm-none-eabi/5.4.1/../../../../arm-none-eabi/lib/armv7-m\libg_nano.a(lib_a-errno.o)
 .ARM.attributes
                0x000004da       0x2d c:/program files (x86)/cypress/psoc creator/4.4/psoc creator/import/gnu/arm/5.4.1/bin/../lib/gcc/arm-none-eabi/5.4.1/../../../../arm-none-eabi/lib/armv7-m\libg_nano.a(lib_a-exit.o)
 .ARM.attributes
                0x00000507       0x2d c:/program files (x86)/cypress/psoc creator/4.4/psoc creator/import/gnu/arm/5.4.1/bin/../lib/gcc/arm-none-eabi/5.4.1/../../../../arm-none-eabi/lib/armv7-m\libg_nano.a(lib_a-impure.o)
 .ARM.attributes
                0x00000534       0x2d c:/program files (x86)/cypress/psoc creator/4.4/psoc creator/import/gnu/arm/5.4.1/bin/../lib/gcc/arm-none-eabi/5.4.1/../../../../arm-none-eabi/lib/armv7-m\libg_nano.a(lib_a-init.o)
 .ARM.attributes
                0x00000561       0x2d c:/program files (x86)/cypress/psoc creator/4.4/psoc creator/import/gnu/arm/5.4.1/bin/../lib/gcc/arm-none-eabi/5.4.1/../../../../arm-none-eabi/lib/armv7-m\libg_nano.a(lib_a-memcpy-stub.o)
 .ARM.attributes
                0x0000058e       0x2d c:/program files (x86)/cypress/psoc creator/4.4/psoc creator/import/gnu/arm/5.4.1/bin/../lib/gcc/arm-none-eabi/5.4.1/../../../../arm-none-eabi/lib/armv7-m\libg_nano.a(lib_a-memset.o)
 .ARM.attributes
                0x000005bb       0x2d c:/program files (x86)/cypress/psoc creator/4.4/psoc creator/import/gnu/arm/5.4.1/bin/../lib/gcc/arm-none-eabi/5.4.1/../../../../arm-none-eabi/lib/armv7-m\libg_nano.a(lib_a-sprintf.o)
 .ARM.attributes
                0x000005e8       0x17 c:/program files (x86)/cypress/psoc creator/4.4/psoc creator/import/gnu/arm/5.4.1/bin/../lib/gcc/arm-none-eabi/5.4.1/../../../../arm-none-eabi/lib/armv7-m\libg_nano.a(lib_a-strlen.o)
 .ARM.attributes
                0x000005ff       0x2d c:/program files (x86)/cypress/psoc creator/4.4/psoc creator/import/gnu/arm/5.4.1/bin/../lib/gcc/arm-none-eabi/5.4.1/../../../../arm-none-eabi/lib/armv7-m\libg_nano.a(lib_a-nano-svfprintf.o)
 .ARM.attributes
                0x0000062c       0x2d c:/program files (x86)/cypress/psoc creator/4.4/psoc creator/import/gnu/arm/5.4.1/bin/../lib/gcc/arm-none-eabi/5.4.1/../../../../arm-none-eabi/lib/armv7-m\libg_nano.a(lib_a-nano-vfprintf_i.o)
 .ARM.attributes
                0x00000659       0x2d c:/program files (x86)/cypress/psoc creator/4.4/psoc creator/import/gnu/arm/5.4.1/bin/../lib/gcc/arm-none-eabi/5.4.1/../../../../arm-none-eabi/lib/armv7-m\libg_nano.a(lib_a-memchr-stub.o)
 .ARM.attributes
                0x00000686       0x2d c:/program files (x86)/cypress/psoc creator/4.4/psoc creator/import/gnu/arm/5.4.1/bin/../lib/gcc/arm-none-eabi/5.4.1/../../../../arm-none-eabi/lib/armv7-m\libg_nano.a(lib_a-memmove.o)
 .ARM.attributes
                0x000006b3       0x2d c:/program files (x86)/cypress/psoc creator/4.4/psoc creator/import/gnu/arm/5.4.1/bin/../lib/gcc/arm-none-eabi/5.4.1/../../../../arm-none-eabi/lib/armv7-m\libg_nano.a(lib_a-nano-freer.o)
 .ARM.attributes
                0x000006e0       0x2d c:/program files (x86)/cypress/psoc creator/4.4/psoc creator/import/gnu/arm/5.4.1/bin/../lib/gcc/arm-none-eabi/5.4.1/../../../../arm-none-eabi/lib/armv7-m\libg_nano.a(lib_a-nano-mallocr.o)
 .ARM.attributes
                0x0000070d       0x2d c:/program files (x86)/cypress/psoc creator/4.4/psoc creator/import/gnu/arm/5.4.1/bin/../lib/gcc/arm-none-eabi/5.4.1/../../../../arm-none-eabi/lib/armv7-m\libg_nano.a(lib_a-nano-reallocr.o)
 .ARM.attributes
                0x0000073a       0x2d c:/program files (x86)/cypress/psoc creator/4.4/psoc creator/import/gnu/arm/5.4.1/bin/../lib/gcc/arm-none-eabi/5.4.1/../../../../arm-none-eabi/lib/armv7-m\libg_nano.a(lib_a-sbrkr.o)
 .ARM.attributes
                0x00000767       0x2d c:/program files (x86)/cypress/psoc creator/4.4/psoc creator/import/gnu/arm/5.4.1/bin/../lib/gcc/arm-none-eabi/5.4.1/../../../../arm-none-eabi/lib/armv7-m\libg_nano.a(lib_a-mlock.o)
 .ARM.attributes
                0x00000794       0x2d c:/program files (x86)/cypress/psoc creator/4.4/psoc creator/import/gnu/arm/5.4.1/bin/../lib/gcc/arm-none-eabi/5.4.1/../../../../arm-none-eabi/lib/armv7-m\libg_nano.a(lib_a-nano-msizer.o)
 .ARM.attributes
                0x000007c1       0x2d c:/program files (x86)/cypress/psoc creator/4.4/psoc creator/import/gnu/arm/5.4.1/bin/../lib/gcc/arm-none-eabi/5.4.1/../../../../arm-none-eabi/lib/armv7-m\libg_nano.a(lib_a-reent.o)
 .ARM.attributes
                0x000007ee       0x2d c:/program files (x86)/cypress/psoc creator/4.4/psoc creator/import/gnu/arm/5.4.1/bin/../lib/gcc/arm-none-eabi/5.4.1/armv7-m/crtend.o
 .ARM.attributes
                0x0000081b       0x1d c:/program files (x86)/cypress/psoc creator/4.4/psoc creator/import/gnu/arm/5.4.1/bin/../lib/gcc/arm-none-eabi/5.4.1/armv7-m/crtn.o

/DISCARD/
 *(.note.GNU-stack)
OUTPUT(C:\Users\kevin\Documents\2024_1\Embebidos\Tercer Corte\Clase_5_07_2024\Implementacion_Display_OLED\Implementacion_Display_OLED.cydsn\CortexM3\ARM_GCC_541\Debug\Implementacion_Display_OLED.elf elf32-littlearm)
